******************************************************************************
                  TI ARM Linker PC v16.9.1                     
******************************************************************************
>> Linked Thu Oct 11 10:32:44 2018

OUTPUT FILE NAME:   <Projekt1.out>
ENTRY POINT SYMBOL: "_c_int00"  address: 000006b1


MEMORY CONFIGURATION

         name            origin    length      used     unused   attr    fill
----------------------  --------  ---------  --------  --------  ----  --------
  FLASH                 00000000   00100000  00000af4  000ff50c  R  X
  SRAM                  20000000   00040000  00000218  0003fde8  RW X


SEGMENT ALLOCATION MAP

run origin  load origin   length   init length attrs members
----------  ----------- ---------- ----------- ----- -------
00000000    00000000    00000af4   00000af4    r-x
  00000000    00000000    00000208   00000208    r-- .intvecs
  00000208    00000208    00000704   00000704    r-x .text
  0000090c    0000090c    000001c4   000001c4    r-- .const
  00000ad0    00000ad0    00000024   00000024    r-- .cinit
20000000    20000000    00000218   00000000    rw-
  20000000    20000000    00000200   00000000    rw- .stack
  20000200    20000200    00000018   00000000    rw- .data


SECTION ALLOCATION MAP

 output                                  attributes/
section   page    origin      length       input sections
--------  ----  ----------  ----------   ----------------
.intvecs   0    00000000    00000208     
                  00000000    00000208     tm4c1294ncpdt_startup_ccs.obj (.intvecs)

.text      0    00000208    00000704     
                  00000208    00000204     driverlib.lib : sysctl.obj (.text:SysCtlClockFreqSet)
                  0000040c    00000130                   : gpio.obj (.text:GPIOPadConfigSet)
                  0000053c    0000009c     rtsv7M4_T_le_v4SPD16_eabi.lib : memcpy_t2.obj (.text)
                  000005d8    00000070                                   : autoinit.obj (.text)
                  00000648    00000068                                   : copy_decompress_lzss.obj (.text:decompress:lzss)
                  000006b0    00000054                                   : boot.obj (.text)
                  00000704    00000054                                   : exit.obj (.text)
                  00000758    0000004c                                   : cpy_tbl.obj (.text)
                  000007a4    00000048     driverlib.lib : sysctl.obj (.text:_SysCtlFrequencyGet)
                  000007ec    00000034                   : sysctl.obj (.text:SysCtlPeripheralEnable)
                  00000820    0000002a                   : gpio.obj (.text:GPIODirModeSet)
                  0000084a    00000002     rtsv7M4_T_le_v4SPD16_eabi.lib : mpu_init.obj (.text)
                  0000084c    00000024     pinout.obj (.text)
                  00000870    0000001c     driverlib.lib : sysctl.obj (.text:_SysCtlMemTimingGet)
                  0000088c    0000001c     main.obj (.text)
                  000008a8    00000018     driverlib.lib : gpio.obj (.text:GPIOPinTypeGPIOOutput)
                  000008c0    00000018     rtsv7M4_T_le_v4SPD16_eabi.lib : args_main.obj (.text)
                  000008d8    00000014                                   : _lock.obj (.text)
                  000008ec    0000000e                                   : copy_decompress_none.obj (.text:decompress:none)
                  000008fa    0000000c     tm4c1294ncpdt_startup_ccs.obj (.text)
                  00000906    00000004     rtsv7M4_T_le_v4SPD16_eabi.lib : pre_init.obj (.text)
                  0000090a    00000002                                   : startup.obj (.text)

.const     0    0000090c    000001c4     
                  0000090c    00000120     driverlib.lib : sysctl.obj (.const:g_pppui32XTALtoVCO)
                  00000a2c    0000006c                   : sysctl.obj (.const:g_pui32Xtals)
                  00000a98    00000030                   : sysctl.obj (.const:g_sXTALtoMEMTIM)
                  00000ac8    00000008                   : sysctl.obj (.const)

.cinit     0    00000ad0    00000024     
                  00000ad0    00000011     (.cinit..data.load) [load image, compression = lzss]
                  00000ae1    00000003     --HOLE-- [fill = 0]
                  00000ae4    00000008     (__TI_handler_table)
                  00000aec    00000008     (__TI_cinit_table)

.init_array 
*          0    00000000    00000000     UNINITIALIZED

.stack     0    20000000    00000200     UNINITIALIZED
                  20000000    00000200     --HOLE--

.data      0    20000200    00000018     UNINITIALIZED
                  20000200    0000000c     rtsv7M4_T_le_v4SPD16_eabi.lib : exit.obj (.data:$O1$$)
                  2000020c    00000008                                   : _lock.obj (.data:$O1$$)
                  20000214    00000004                                   : stkdepth_vars.obj (.data)

MODULE SUMMARY

       Module                          code   ro data   rw data
       ------                          ----   -------   -------
    .\
       tm4c1294ncpdt_startup_ccs.obj   12     520       0      
       pinout.obj                      36     0         0      
       main.obj                        28     0         0      
    +--+-------------------------------+------+---------+---------+
       Total:                          76     520       0      
                                                               
    ../driverlib.lib
       sysctl.obj                      668    452       0      
       gpio.obj                        370    0         0      
    +--+-------------------------------+------+---------+---------+
       Total:                          1038   452       0      
                                                               
    C:\ti\ccsv7\tools\compiler\ti-cgt-arm_16.9.1.LTS\lib\rtsv7M4_T_le_v4SPD16_eabi.lib
       memcpy_t2.obj                   156    0         0      
       autoinit.obj                    112    0         0      
       copy_decompress_lzss.obj        104    0         0      
       exit.obj                        84     0         12     
       boot.obj                        84     0         0      
       cpy_tbl.obj                     76     0         0      
       _lock.obj                       20     0         8      
       args_main.obj                   24     0         0      
       copy_decompress_none.obj        14     0         0      
       pre_init.obj                    4      0         0      
       stkdepth_vars.obj               0      0         4      
       mpu_init.obj                    2      0         0      
       startup.obj                     2      0         0      
    +--+-------------------------------+------+---------+---------+
       Total:                          682    0         24     
                                                               
       Stack:                          0      0         512    
       Linker Generated:               0      33        0      
    +--+-------------------------------+------+---------+---------+
       Grand Total:                    1796   1005      536    


LINKER GENERATED COPY TABLES

__TI_cinit_table @ 00000aec records: 1, size/record: 8, table size: 8
	.data: load addr=00000ad0, load size=00000011 bytes, run addr=20000200, run size=00000018 bytes, compression=lzss


LINKER GENERATED HANDLER TABLE

__TI_handler_table @ 00000ae4 records: 2, size/record: 4, table size: 8
	index: 0, handler: __TI_decompress_lzss
	index: 1, handler: __TI_decompress_none


GLOBAL SYMBOLS: SORTED ALPHABETICALLY BY Name 

address   name                           
-------   ----                           
00000705  C$$EXIT                        
00000821  GPIODirModeSet                 
0000040d  GPIOPadConfigSet               
000008a9  GPIOPinTypeGPIOOutput          
0000084d  PinoutSet                      
000008fb  ResetISR                       
UNDEFED   SHT$$INIT_ARRAY$$Base          
UNDEFED   SHT$$INIT_ARRAY$$Limit         
00000209  SysCtlClockFreqSet             
000007ed  SysCtlPeripheralEnable         
20000200  __STACK_END                    
00000200  __STACK_SIZE                   
20000200  __STACK_TOP                    
00000aec  __TI_CINIT_Base                
00000af4  __TI_CINIT_Limit               
00000ae4  __TI_Handler_Table_Base        
00000aec  __TI_Handler_Table_Limit       
000005d9  __TI_auto_init                 
20000200  __TI_cleanup_ptr               
00000649  __TI_decompress_lzss           
000008ed  __TI_decompress_none           
20000204  __TI_dtors_ptr                 
20000208  __TI_enable_exit_profile_output
ffffffff  __TI_pprof_out_hndl            
ffffffff  __TI_prof_data_size            
ffffffff  __TI_prof_data_start           
00000000  __TI_static_base__             
0000053d  __aeabi_memcpy                 
0000053d  __aeabi_memcpy4                
0000053d  __aeabi_memcpy8                
ffffffff  __binit__                      
ffffffff  __c_args__                     
0000084b  __mpu_init                     
20000000  __stack                        
000008c1  _args_main                     
000006b1  _c_int00                       
2000020c  _lock                          
000008e7  _nop                           
000008df  _register_lock                 
000008d9  _register_unlock               
0000090b  _system_post_cinit             
00000907  _system_pre_init               
20000210  _unlock                        
00000709  abort                          
ffffffff  binit                          
00000759  copy_in                        
00000711  exit                           
00000000  g_pfnVectors                   
0000088d  main                           
20000214  main_func_sp                   
0000053d  memcpy                         


GLOBAL SYMBOLS: SORTED BY Symbol Address 

address   name                           
-------   ----                           
00000000  __TI_static_base__             
00000000  g_pfnVectors                   
00000200  __STACK_SIZE                   
00000209  SysCtlClockFreqSet             
0000040d  GPIOPadConfigSet               
0000053d  __aeabi_memcpy                 
0000053d  __aeabi_memcpy4                
0000053d  __aeabi_memcpy8                
0000053d  memcpy                         
000005d9  __TI_auto_init                 
00000649  __TI_decompress_lzss           
000006b1  _c_int00                       
00000705  C$$EXIT                        
00000709  abort                          
00000711  exit                           
00000759  copy_in                        
000007ed  SysCtlPeripheralEnable         
00000821  GPIODirModeSet                 
0000084b  __mpu_init                     
0000084d  PinoutSet                      
0000088d  main                           
000008a9  GPIOPinTypeGPIOOutput          
000008c1  _args_main                     
000008d9  _register_unlock               
000008df  _register_lock                 
000008e7  _nop                           
000008ed  __TI_decompress_none           
000008fb  ResetISR                       
00000907  _system_pre_init               
0000090b  _system_post_cinit             
00000ae4  __TI_Handler_Table_Base        
00000aec  __TI_CINIT_Base                
00000aec  __TI_Handler_Table_Limit       
00000af4  __TI_CINIT_Limit               
20000000  __stack                        
20000200  __STACK_END                    
20000200  __STACK_TOP                    
20000200  __TI_cleanup_ptr               
20000204  __TI_dtors_ptr                 
20000208  __TI_enable_exit_profile_output
2000020c  _lock                          
20000210  _unlock                        
20000214  main_func_sp                   
ffffffff  __TI_pprof_out_hndl            
ffffffff  __TI_prof_data_size            
ffffffff  __TI_prof_data_start           
ffffffff  __binit__                      
ffffffff  __c_args__                     
ffffffff  binit                          
UNDEFED   SHT$$INIT_ARRAY$$Base          
UNDEFED   SHT$$INIT_ARRAY$$Limit         

[51 symbols]
